Archive member included to satisfy reference by file (symbol)

./libelibc.a(crt0.o)          (crt0)
./libelibc.a(stdio.o)         ocr.o (printf)
./libelibc.a(stdlib.o)        file_read.o (exit)
./libelibc.a(string.o)        neuronet.o (memcpy)
./libelibc.a(time.o)          ocr.o (clock)
./libelibc.a(uart.o)          ./libelibc.a(stdio.o) (inbyte)
./libelibc.a(fat32.o)         file_read.o (read_file)
./libelibc.a(sd.o)            ./libelibc.a(fat32.o) (init_sd)
./libelibc.a(spi.o)           ./libelibc.a(sd.o) (spi_init)
/opt/riscv/lib/gcc/riscv32-unknown-elf/12.2.0/libgcc.a(_divdi3.o)
                              ./libelibc.a(time.o) (__divdi3)
/opt/riscv/lib/gcc/riscv32-unknown-elf/12.2.0/libgcc.a(_udivdi3.o)
                              ./libelibc.a(stdio.o) (__udivdi3)
/opt/riscv/lib/gcc/riscv32-unknown-elf/12.2.0/libgcc.a(adddf3.o)
                              ./libelibc.a(stdio.o) (__adddf3)
/opt/riscv/lib/gcc/riscv32-unknown-elf/12.2.0/libgcc.a(divdf3.o)
                              ./libelibc.a(stdio.o) (__divdf3)
/opt/riscv/lib/gcc/riscv32-unknown-elf/12.2.0/libgcc.a(gedf2.o)
                              file_read.o (__gedf2)
/opt/riscv/lib/gcc/riscv32-unknown-elf/12.2.0/libgcc.a(ledf2.o)
                              ./libelibc.a(stdio.o) (__ltdf2)
/opt/riscv/lib/gcc/riscv32-unknown-elf/12.2.0/libgcc.a(muldf3.o)
                              ./libelibc.a(stdio.o) (__muldf3)
/opt/riscv/lib/gcc/riscv32-unknown-elf/12.2.0/libgcc.a(subdf3.o)
                              ./libelibc.a(stdio.o) (__subdf3)
/opt/riscv/lib/gcc/riscv32-unknown-elf/12.2.0/libgcc.a(fixdfsi.o)
                              ./libelibc.a(stdio.o) (__fixdfsi)
/opt/riscv/lib/gcc/riscv32-unknown-elf/12.2.0/libgcc.a(floatsidf.o)
                              ./libelibc.a(stdio.o) (__floatsidf)
/opt/riscv/lib/gcc/riscv32-unknown-elf/12.2.0/libgcc.a(fixunsdfdi.o)
                              ./libelibc.a(stdio.o) (__fixunsdfdi)
/opt/riscv/lib/gcc/riscv32-unknown-elf/12.2.0/libgcc.a(addsf3.o)
                              file_read.o (__addsf3)
/opt/riscv/lib/gcc/riscv32-unknown-elf/12.2.0/libgcc.a(divsf3.o)
                              ocr.o (__divsf3)
/opt/riscv/lib/gcc/riscv32-unknown-elf/12.2.0/libgcc.a(gesf2.o)
                              neuronet.o (__gtsf2)
/opt/riscv/lib/gcc/riscv32-unknown-elf/12.2.0/libgcc.a(lesf2.o)
                              neuronet.o (__ltsf2)
/opt/riscv/lib/gcc/riscv32-unknown-elf/12.2.0/libgcc.a(mulsf3.o)
                              ocr.o (__mulsf3)
/opt/riscv/lib/gcc/riscv32-unknown-elf/12.2.0/libgcc.a(subsf3.o)
                              file_read.o (__subsf3)
/opt/riscv/lib/gcc/riscv32-unknown-elf/12.2.0/libgcc.a(fixunssfsi.o)
                              file_read.o (__fixunssfsi)
/opt/riscv/lib/gcc/riscv32-unknown-elf/12.2.0/libgcc.a(floatsisf.o)
                              ocr.o (__floatsisf)
/opt/riscv/lib/gcc/riscv32-unknown-elf/12.2.0/libgcc.a(floatunsisf.o)
                              ocr.o (__floatunsisf)
/opt/riscv/lib/gcc/riscv32-unknown-elf/12.2.0/libgcc.a(extendsfdf2.o)
                              ocr.o (__extendsfdf2)
/opt/riscv/lib/gcc/riscv32-unknown-elf/12.2.0/libgcc.a(_ashldi3.o)
                              /opt/riscv/lib/gcc/riscv32-unknown-elf/12.2.0/libgcc.a(fixunsdfdi.o) (__ashldi3)
/opt/riscv/lib/gcc/riscv32-unknown-elf/12.2.0/libgcc.a(_clz.o)
                              /opt/riscv/lib/gcc/riscv32-unknown-elf/12.2.0/libgcc.a(_divdi3.o) (__clz_tab)
/opt/riscv/lib/gcc/riscv32-unknown-elf/12.2.0/libgcc.a(_clzsi2.o)
                              /opt/riscv/lib/gcc/riscv32-unknown-elf/12.2.0/libgcc.a(adddf3.o) (__clzsi2)

Memory Configuration

Name             Origin             Length             Attributes
code_ram         0x80001000         0x00010000         xr!rw
data_ram         0x80011000         0x00310000         rw!x
*default*        0x00000000         0xffffffff

Linker script and memory map

                0x00000800                        __stack_size = 0x800
                0x00200000                        __heap_size = 0x200000

.text           0x80001000     0x707c
 *(.text*)
 .text          0x80001000        0x0 ocr.o
 .text.startup  0x80001000      0x21c ocr.o
                0x80001000                main
 .text          0x8000121c      0x4d0 neuronet.o
                0x8000121c                neuronet_init
                0x8000145c                neuronet_load
                0x80001488                neuronet_free
                0x800014c4                neuronet_eval
                0x800016b8                relu
 .text          0x800016ec      0x810 file_read.o
                0x800016ec                lerp
                0x80001734                sample
                0x80001968                width_normalize
                0x80001be4                read_images
                0x80001da0                read_labels
                0x80001e20                read_weights
 .text          0x80001efc       0x30 ./libelibc.a(crt0.o)
                0x80001efc                crt0
 .text          0x80001f2c      0xadc ./libelibc.a(stdio.o)
                0x80001f2c                getchar
                0x80001f44                putchar
                0x80001f70                fputs
                0x80002000                fgets
                0x800020d8                putd
                0x8000224c                putx
                0x80002368                putld
                0x800025cc                putf
                0x800027e4                printf
 .text          0x80002a08      0x2c8 ./libelibc.a(stdlib.o)
                0x80002a08                exit
                0x80002a54                malloc
                0x80002b7c                free
                0x80002ba8                calloc
                0x80002bec                atoi
                0x80002c84                abs
                0x80002c94                srand
                0x80002ca0                rand
 .text          0x80002cd0      0x4a4 ./libelibc.a(string.o)
                0x80002cd0                strcpy
                0x80002d60                strcmp
                0x80002e00                strncpy
                0x80002eb8                strncmp
                0x80002f84                memcpy
                0x80003020                memmove
                0x80003094                memset
                0x800030b4                strlen
                0x800030dc                strcat
                0x80003120                strncat
 .text          0x80003174       0x44 ./libelibc.a(time.o)
                0x80003174                clock
 .text          0x800031b8       0x58 ./libelibc.a(uart.o)
                0x800031b8                inbyte
                0x800031d4                outbyte
 .text          0x80003210      0x6f8 ./libelibc.a(fat32.o)
                0x80003210                copy_file
                0x80003404                get_next_cluster
                0x8000348c                get_partition_first_lba
                0x800035f8                long2short
                0x800036f4                read_file
 .text          0x80003908      0x768 ./libelibc.a(sd.o)
                0x80003908                sd_dummy
                0x80003910                sd_cmd
                0x800039a8                print_status
                0x800039ac                sd_cmd0
                0x80003a28                sd_cmd8
                0x80003ad4                sd_cmd55
                0x80003b14                sd_acmd41
                0x80003b78                init_sd
                0x80003c48                crc7
                0x80003c70                crc16
                0x80003cc4                sd_copy
                0x80003e58                sd_write
 .text          0x80004070      0x170 ./libelibc.a(spi.o)
                0x80004070                write_reg
                0x80004078                read_reg
                0x80004080                spi_init
                0x800040c4                spi_txrx
                0x8000412c                spi_write_bytes
 .text          0x800041e0      0x478 /opt/riscv/lib/gcc/riscv32-unknown-elf/12.2.0/libgcc.a(_divdi3.o)
                0x800041e0                __divdi3
 .text          0x80004658      0x430 /opt/riscv/lib/gcc/riscv32-unknown-elf/12.2.0/libgcc.a(_udivdi3.o)
                0x80004658                __udivdi3
 .text          0x80004a88      0x7ec /opt/riscv/lib/gcc/riscv32-unknown-elf/12.2.0/libgcc.a(adddf3.o)
                0x80004a88                __adddf3
 .text          0x80005274      0x6c8 /opt/riscv/lib/gcc/riscv32-unknown-elf/12.2.0/libgcc.a(divdf3.o)
                0x80005274                __divdf3
 .text          0x8000593c      0x110 /opt/riscv/lib/gcc/riscv32-unknown-elf/12.2.0/libgcc.a(gedf2.o)
                0x8000593c                __gtdf2
                0x8000593c                __gedf2
 .text          0x80005a4c      0x110 /opt/riscv/lib/gcc/riscv32-unknown-elf/12.2.0/libgcc.a(ledf2.o)
                0x80005a4c                __ltdf2
                0x80005a4c                __ledf2
 .text          0x80005b5c      0x5fc /opt/riscv/lib/gcc/riscv32-unknown-elf/12.2.0/libgcc.a(muldf3.o)
                0x80005b5c                __muldf3
 .text          0x80006158      0x854 /opt/riscv/lib/gcc/riscv32-unknown-elf/12.2.0/libgcc.a(subdf3.o)
                0x80006158                __subdf3
 .text          0x800069ac       0x80 /opt/riscv/lib/gcc/riscv32-unknown-elf/12.2.0/libgcc.a(fixdfsi.o)
                0x800069ac                __fixdfsi
 .text          0x80006a2c       0xa8 /opt/riscv/lib/gcc/riscv32-unknown-elf/12.2.0/libgcc.a(floatsidf.o)
                0x80006a2c                __floatsidf
 .text          0x80006ad4       0xa4 /opt/riscv/lib/gcc/riscv32-unknown-elf/12.2.0/libgcc.a(fixunsdfdi.o)
                0x80006ad4                __fixunsdfdi
 .text          0x80006b78      0x470 /opt/riscv/lib/gcc/riscv32-unknown-elf/12.2.0/libgcc.a(addsf3.o)
                0x80006b78                __addsf3
 .text          0x80006fe8      0x330 /opt/riscv/lib/gcc/riscv32-unknown-elf/12.2.0/libgcc.a(divsf3.o)
                0x80006fe8                __divsf3
 .text          0x80007318       0xdc /opt/riscv/lib/gcc/riscv32-unknown-elf/12.2.0/libgcc.a(gesf2.o)
                0x80007318                __gtsf2
                0x80007318                __gesf2
 .text          0x800073f4       0xdc /opt/riscv/lib/gcc/riscv32-unknown-elf/12.2.0/libgcc.a(lesf2.o)
                0x800073f4                __lesf2
                0x800073f4                __ltsf2
 .text          0x800074d0      0x334 /opt/riscv/lib/gcc/riscv32-unknown-elf/12.2.0/libgcc.a(mulsf3.o)
                0x800074d0                __mulsf3
 .text          0x80007804      0x4bc /opt/riscv/lib/gcc/riscv32-unknown-elf/12.2.0/libgcc.a(subsf3.o)
                0x80007804                __subsf3
 .text          0x80007cc0       0x60 /opt/riscv/lib/gcc/riscv32-unknown-elf/12.2.0/libgcc.a(fixunssfsi.o)
                0x80007cc0                __fixunssfsi
 .text          0x80007d20      0x114 /opt/riscv/lib/gcc/riscv32-unknown-elf/12.2.0/libgcc.a(floatsisf.o)
                0x80007d20                __floatsisf
 .text          0x80007e34       0xe8 /opt/riscv/lib/gcc/riscv32-unknown-elf/12.2.0/libgcc.a(floatunsisf.o)
                0x80007e34                __floatunsisf
 .text          0x80007f1c       0xdc /opt/riscv/lib/gcc/riscv32-unknown-elf/12.2.0/libgcc.a(extendsfdf2.o)
                0x80007f1c                __extendsfdf2
 .text          0x80007ff8       0x38 /opt/riscv/lib/gcc/riscv32-unknown-elf/12.2.0/libgcc.a(_ashldi3.o)
                0x80007ff8                __ashldi3
 .text          0x80008030        0x0 /opt/riscv/lib/gcc/riscv32-unknown-elf/12.2.0/libgcc.a(_clz.o)
 .text          0x80008030       0x4c /opt/riscv/lib/gcc/riscv32-unknown-elf/12.2.0/libgcc.a(_clzsi2.o)
                0x80008030                __clzsi2

.srodata.cst4   0x8000807c        0xc
 .srodata.cst4  0x8000807c        0x4 ocr.o
 .srodata.cst4  0x80008080        0x4 neuronet.o
 .srodata.cst4  0x80008084        0x4 file_read.o

.srodata.cst8   0x80008088       0x28
 .srodata.cst8  0x80008088        0x8 file_read.o
 .srodata.cst8  0x80008090       0x20 ./libelibc.a(stdio.o)

.srodata        0x800080b0        0x8
 .srodata       0x800080b0        0x8 ./libelibc.a(stdlib.o)

.eh_frame       0x800080b8       0x3c
 .eh_frame      0x800080b8       0x28 /opt/riscv/lib/gcc/riscv32-unknown-elf/12.2.0/libgcc.a(_divdi3.o)
 .eh_frame      0x800080e0       0x14 /opt/riscv/lib/gcc/riscv32-unknown-elf/12.2.0/libgcc.a(_udivdi3.o)
                                 0x28 (size before relaxing)

.rela.dyn       0x800080f4        0x0
 .rela.sdata    0x800080f4        0x0 ocr.o
 .rela.srodata  0x800080f4        0x0 ocr.o

.data           0x80011000     0x10e0
 *(.data)
 .data          0x80011000        0x0 ocr.o
 .data          0x80011000        0x0 neuronet.o
 .data          0x80011000        0x0 file_read.o
 .data          0x80011000        0x0 ./libelibc.a(crt0.o)
 .data          0x80011000        0x0 ./libelibc.a(stdio.o)
 .data          0x80011000        0x0 ./libelibc.a(stdlib.o)
 .data          0x80011000        0x0 ./libelibc.a(string.o)
 .data          0x80011000        0x0 ./libelibc.a(time.o)
 .data          0x80011000        0x0 ./libelibc.a(uart.o)
 .data          0x80011000        0x0 ./libelibc.a(fat32.o)
 .data          0x80011000        0x0 ./libelibc.a(sd.o)
 .data          0x80011000        0x0 ./libelibc.a(spi.o)
 .data          0x80011000        0x0 /opt/riscv/lib/gcc/riscv32-unknown-elf/12.2.0/libgcc.a(_divdi3.o)
 .data          0x80011000        0x0 /opt/riscv/lib/gcc/riscv32-unknown-elf/12.2.0/libgcc.a(_udivdi3.o)
 .data          0x80011000        0x0 /opt/riscv/lib/gcc/riscv32-unknown-elf/12.2.0/libgcc.a(adddf3.o)
 .data          0x80011000        0x0 /opt/riscv/lib/gcc/riscv32-unknown-elf/12.2.0/libgcc.a(divdf3.o)
 .data          0x80011000        0x0 /opt/riscv/lib/gcc/riscv32-unknown-elf/12.2.0/libgcc.a(gedf2.o)
 .data          0x80011000        0x0 /opt/riscv/lib/gcc/riscv32-unknown-elf/12.2.0/libgcc.a(ledf2.o)
 .data          0x80011000        0x0 /opt/riscv/lib/gcc/riscv32-unknown-elf/12.2.0/libgcc.a(muldf3.o)
 .data          0x80011000        0x0 /opt/riscv/lib/gcc/riscv32-unknown-elf/12.2.0/libgcc.a(subdf3.o)
 .data          0x80011000        0x0 /opt/riscv/lib/gcc/riscv32-unknown-elf/12.2.0/libgcc.a(fixdfsi.o)
 .data          0x80011000        0x0 /opt/riscv/lib/gcc/riscv32-unknown-elf/12.2.0/libgcc.a(floatsidf.o)
 .data          0x80011000        0x0 /opt/riscv/lib/gcc/riscv32-unknown-elf/12.2.0/libgcc.a(fixunsdfdi.o)
 .data          0x80011000        0x0 /opt/riscv/lib/gcc/riscv32-unknown-elf/12.2.0/libgcc.a(addsf3.o)
 .data          0x80011000        0x0 /opt/riscv/lib/gcc/riscv32-unknown-elf/12.2.0/libgcc.a(divsf3.o)
 .data          0x80011000        0x0 /opt/riscv/lib/gcc/riscv32-unknown-elf/12.2.0/libgcc.a(gesf2.o)
 .data          0x80011000        0x0 /opt/riscv/lib/gcc/riscv32-unknown-elf/12.2.0/libgcc.a(lesf2.o)
 .data          0x80011000        0x0 /opt/riscv/lib/gcc/riscv32-unknown-elf/12.2.0/libgcc.a(mulsf3.o)
 .data          0x80011000        0x0 /opt/riscv/lib/gcc/riscv32-unknown-elf/12.2.0/libgcc.a(subsf3.o)
 .data          0x80011000        0x0 /opt/riscv/lib/gcc/riscv32-unknown-elf/12.2.0/libgcc.a(fixunssfsi.o)
 .data          0x80011000        0x0 /opt/riscv/lib/gcc/riscv32-unknown-elf/12.2.0/libgcc.a(floatsisf.o)
 .data          0x80011000        0x0 /opt/riscv/lib/gcc/riscv32-unknown-elf/12.2.0/libgcc.a(floatunsisf.o)
 .data          0x80011000        0x0 /opt/riscv/lib/gcc/riscv32-unknown-elf/12.2.0/libgcc.a(extendsfdf2.o)
 .data          0x80011000        0x0 /opt/riscv/lib/gcc/riscv32-unknown-elf/12.2.0/libgcc.a(_ashldi3.o)
 .data          0x80011000        0x0 /opt/riscv/lib/gcc/riscv32-unknown-elf/12.2.0/libgcc.a(_clz.o)
 .data          0x80011000        0x0 /opt/riscv/lib/gcc/riscv32-unknown-elf/12.2.0/libgcc.a(_clzsi2.o)
 *(.bss)
 .bss           0x80011000        0x0 ocr.o
 .bss           0x80011000        0x0 neuronet.o
 .bss           0x80011000        0x0 file_read.o
 .bss           0x80011000        0x0 ./libelibc.a(crt0.o)
 .bss           0x80011000        0x0 ./libelibc.a(stdio.o)
 .bss           0x80011000        0x0 ./libelibc.a(stdlib.o)
 .bss           0x80011000        0x0 ./libelibc.a(string.o)
 .bss           0x80011000        0x0 ./libelibc.a(time.o)
 .bss           0x80011000        0x0 ./libelibc.a(uart.o)
 .bss           0x80011000      0xa00 ./libelibc.a(fat32.o)
 .bss           0x80011a00       0x80 ./libelibc.a(sd.o)
 .bss           0x80011a80        0x0 ./libelibc.a(spi.o)
 .bss           0x80011a80        0x0 /opt/riscv/lib/gcc/riscv32-unknown-elf/12.2.0/libgcc.a(_divdi3.o)
 .bss           0x80011a80        0x0 /opt/riscv/lib/gcc/riscv32-unknown-elf/12.2.0/libgcc.a(_udivdi3.o)
 .bss           0x80011a80        0x0 /opt/riscv/lib/gcc/riscv32-unknown-elf/12.2.0/libgcc.a(adddf3.o)
 .bss           0x80011a80        0x0 /opt/riscv/lib/gcc/riscv32-unknown-elf/12.2.0/libgcc.a(divdf3.o)
 .bss           0x80011a80        0x0 /opt/riscv/lib/gcc/riscv32-unknown-elf/12.2.0/libgcc.a(gedf2.o)
 .bss           0x80011a80        0x0 /opt/riscv/lib/gcc/riscv32-unknown-elf/12.2.0/libgcc.a(ledf2.o)
 .bss           0x80011a80        0x0 /opt/riscv/lib/gcc/riscv32-unknown-elf/12.2.0/libgcc.a(muldf3.o)
 .bss           0x80011a80        0x0 /opt/riscv/lib/gcc/riscv32-unknown-elf/12.2.0/libgcc.a(subdf3.o)
 .bss           0x80011a80        0x0 /opt/riscv/lib/gcc/riscv32-unknown-elf/12.2.0/libgcc.a(fixdfsi.o)
 .bss           0x80011a80        0x0 /opt/riscv/lib/gcc/riscv32-unknown-elf/12.2.0/libgcc.a(floatsidf.o)
 .bss           0x80011a80        0x0 /opt/riscv/lib/gcc/riscv32-unknown-elf/12.2.0/libgcc.a(fixunsdfdi.o)
 .bss           0x80011a80        0x0 /opt/riscv/lib/gcc/riscv32-unknown-elf/12.2.0/libgcc.a(addsf3.o)
 .bss           0x80011a80        0x0 /opt/riscv/lib/gcc/riscv32-unknown-elf/12.2.0/libgcc.a(divsf3.o)
 .bss           0x80011a80        0x0 /opt/riscv/lib/gcc/riscv32-unknown-elf/12.2.0/libgcc.a(gesf2.o)
 .bss           0x80011a80        0x0 /opt/riscv/lib/gcc/riscv32-unknown-elf/12.2.0/libgcc.a(lesf2.o)
 .bss           0x80011a80        0x0 /opt/riscv/lib/gcc/riscv32-unknown-elf/12.2.0/libgcc.a(mulsf3.o)
 .bss           0x80011a80        0x0 /opt/riscv/lib/gcc/riscv32-unknown-elf/12.2.0/libgcc.a(subsf3.o)
 .bss           0x80011a80        0x0 /opt/riscv/lib/gcc/riscv32-unknown-elf/12.2.0/libgcc.a(fixunssfsi.o)
 .bss           0x80011a80        0x0 /opt/riscv/lib/gcc/riscv32-unknown-elf/12.2.0/libgcc.a(floatsisf.o)
 .bss           0x80011a80        0x0 /opt/riscv/lib/gcc/riscv32-unknown-elf/12.2.0/libgcc.a(floatunsisf.o)
 .bss           0x80011a80        0x0 /opt/riscv/lib/gcc/riscv32-unknown-elf/12.2.0/libgcc.a(extendsfdf2.o)
 .bss           0x80011a80        0x0 /opt/riscv/lib/gcc/riscv32-unknown-elf/12.2.0/libgcc.a(_ashldi3.o)
 .bss           0x80011a80        0x0 /opt/riscv/lib/gcc/riscv32-unknown-elf/12.2.0/libgcc.a(_clz.o)
 .bss           0x80011a80        0x0 /opt/riscv/lib/gcc/riscv32-unknown-elf/12.2.0/libgcc.a(_clzsi2.o)
 *(.rodata*)
 .rodata.str1.4
                0x80011a80      0x17c ocr.o
 .rodata.str1.4
                0x80011bfc       0x3a neuronet.o
 *fill*         0x80011c36        0x2 
 .rodata.str1.4
                0x80011c38       0x62 file_read.o
 *fill*         0x80011c9a        0x2 
 .rodata.str1.4
                0x80011c9c       0x7d ./libelibc.a(stdio.o)
 *fill*         0x80011d19        0x3 
 .rodata        0x80011d1c       0x84 ./libelibc.a(stdio.o)
 .rodata        0x80011da0       0xa8 ./libelibc.a(stdlib.o)
 .rodata.str1.4
                0x80011e48       0xe3 ./libelibc.a(fat32.o)
 *fill*         0x80011f2b        0x1 
 .rodata.str1.4
                0x80011f2c       0x3a ./libelibc.a(sd.o)
 *fill*         0x80011f66        0x2 
 .rodata        0x80011f68       0x3c /opt/riscv/lib/gcc/riscv32-unknown-elf/12.2.0/libgcc.a(divdf3.o)
 .rodata        0x80011fa4       0x3c /opt/riscv/lib/gcc/riscv32-unknown-elf/12.2.0/libgcc.a(divsf3.o)
 .rodata        0x80011fe0      0x100 /opt/riscv/lib/gcc/riscv32-unknown-elf/12.2.0/libgcc.a(_clz.o)
                0x80011fe0                __clz_tab

.sdata          0x800120e0       0x3c
 .sdata         0x800120e0        0xc neuronet.o
                0x800120e0                result
                0x800120e4                vec_weight
                0x800120e8                vec_size
 .sdata         0x800120ec        0x4 file_read.o
                0x800120ec                fbuf
 .sdata         0x800120f0        0x4 ./libelibc.a(crt0.o)
                0x800120f0                stack_top
 .sdata         0x800120f4       0x1c ./libelibc.a(stdio.o)
                0x800120f4                stderr
                0x800120f8                stdout
                0x800120fc                stdin
 .sdata         0x80012110        0xc ./libelibc.a(stdlib.o)

.sbss           0x8001211c       0x10
 .sbss          0x8001211c        0x4 file_read.o
 .sbss          0x80012120        0x4 ./libelibc.a(crt0.o)
                0x80012120                sp_store
 .sbss          0x80012124        0x8 ./libelibc.a(stdio.o)

.heap           0x80012130   0x200000
                0x80012130                        __heap_start = .
                0x80212130                        . = (. + __heap_size)
 *fill*         0x80012130   0x200000 

.stack          0x80212130      0x800
                0x80212930                        . = (. + __stack_size)
 *fill*         0x80212130      0x800 
                0x80212930                        __stack_top = .
                0x80212930                        __freertos_irq_stack_top = .
LOAD ocr.o
LOAD neuronet.o
LOAD file_read.o
LOAD ./libelibc.a
LOAD /opt/riscv/lib/gcc/riscv32-unknown-elf/12.2.0/libgcc.a
OUTPUT(ocr.elf elf32-littleriscv)

.comment        0x00000000        0xf
 .comment       0x00000000        0xf ocr.o
                                 0x10 (size before relaxing)
 .comment       0x0000000f       0x10 neuronet.o
 .comment       0x0000000f       0x10 file_read.o
 .comment       0x0000000f       0x10 ./libelibc.a(crt0.o)
 .comment       0x0000000f       0x10 ./libelibc.a(stdio.o)
 .comment       0x0000000f       0x10 ./libelibc.a(stdlib.o)
 .comment       0x0000000f       0x10 ./libelibc.a(string.o)
 .comment       0x0000000f       0x10 ./libelibc.a(time.o)
 .comment       0x0000000f       0x10 ./libelibc.a(uart.o)
 .comment       0x0000000f       0x10 ./libelibc.a(fat32.o)
 .comment       0x0000000f       0x10 ./libelibc.a(sd.o)
 .comment       0x0000000f       0x10 ./libelibc.a(spi.o)
 .comment       0x0000000f       0x10 /opt/riscv/lib/gcc/riscv32-unknown-elf/12.2.0/libgcc.a(_divdi3.o)
 .comment       0x0000000f       0x10 /opt/riscv/lib/gcc/riscv32-unknown-elf/12.2.0/libgcc.a(_udivdi3.o)
 .comment       0x0000000f       0x10 /opt/riscv/lib/gcc/riscv32-unknown-elf/12.2.0/libgcc.a(adddf3.o)
 .comment       0x0000000f       0x10 /opt/riscv/lib/gcc/riscv32-unknown-elf/12.2.0/libgcc.a(divdf3.o)
 .comment       0x0000000f       0x10 /opt/riscv/lib/gcc/riscv32-unknown-elf/12.2.0/libgcc.a(gedf2.o)
 .comment       0x0000000f       0x10 /opt/riscv/lib/gcc/riscv32-unknown-elf/12.2.0/libgcc.a(ledf2.o)
 .comment       0x0000000f       0x10 /opt/riscv/lib/gcc/riscv32-unknown-elf/12.2.0/libgcc.a(muldf3.o)
 .comment       0x0000000f       0x10 /opt/riscv/lib/gcc/riscv32-unknown-elf/12.2.0/libgcc.a(subdf3.o)
 .comment       0x0000000f       0x10 /opt/riscv/lib/gcc/riscv32-unknown-elf/12.2.0/libgcc.a(fixdfsi.o)
 .comment       0x0000000f       0x10 /opt/riscv/lib/gcc/riscv32-unknown-elf/12.2.0/libgcc.a(floatsidf.o)
 .comment       0x0000000f       0x10 /opt/riscv/lib/gcc/riscv32-unknown-elf/12.2.0/libgcc.a(fixunsdfdi.o)
 .comment       0x0000000f       0x10 /opt/riscv/lib/gcc/riscv32-unknown-elf/12.2.0/libgcc.a(addsf3.o)
 .comment       0x0000000f       0x10 /opt/riscv/lib/gcc/riscv32-unknown-elf/12.2.0/libgcc.a(divsf3.o)
 .comment       0x0000000f       0x10 /opt/riscv/lib/gcc/riscv32-unknown-elf/12.2.0/libgcc.a(gesf2.o)
 .comment       0x0000000f       0x10 /opt/riscv/lib/gcc/riscv32-unknown-elf/12.2.0/libgcc.a(lesf2.o)
 .comment       0x0000000f       0x10 /opt/riscv/lib/gcc/riscv32-unknown-elf/12.2.0/libgcc.a(mulsf3.o)
 .comment       0x0000000f       0x10 /opt/riscv/lib/gcc/riscv32-unknown-elf/12.2.0/libgcc.a(subsf3.o)
 .comment       0x0000000f       0x10 /opt/riscv/lib/gcc/riscv32-unknown-elf/12.2.0/libgcc.a(fixunssfsi.o)
 .comment       0x0000000f       0x10 /opt/riscv/lib/gcc/riscv32-unknown-elf/12.2.0/libgcc.a(floatsisf.o)
 .comment       0x0000000f       0x10 /opt/riscv/lib/gcc/riscv32-unknown-elf/12.2.0/libgcc.a(floatunsisf.o)
 .comment       0x0000000f       0x10 /opt/riscv/lib/gcc/riscv32-unknown-elf/12.2.0/libgcc.a(extendsfdf2.o)
 .comment       0x0000000f       0x10 /opt/riscv/lib/gcc/riscv32-unknown-elf/12.2.0/libgcc.a(_ashldi3.o)
 .comment       0x0000000f       0x10 /opt/riscv/lib/gcc/riscv32-unknown-elf/12.2.0/libgcc.a(_clz.o)
 .comment       0x0000000f       0x10 /opt/riscv/lib/gcc/riscv32-unknown-elf/12.2.0/libgcc.a(_clzsi2.o)

.riscv.attributes
                0x00000000       0x48
 .riscv.attributes
                0x00000000       0x44 ocr.o
 .riscv.attributes
                0x00000044       0x44 neuronet.o
 .riscv.attributes
                0x00000088       0x44 file_read.o
 .riscv.attributes
                0x000000cc       0x44 ./libelibc.a(crt0.o)
 .riscv.attributes
                0x00000110       0x44 ./libelibc.a(stdio.o)
 .riscv.attributes
                0x00000154       0x44 ./libelibc.a(stdlib.o)
 .riscv.attributes
                0x00000198       0x44 ./libelibc.a(string.o)
 .riscv.attributes
                0x000001dc       0x48 ./libelibc.a(time.o)
 .riscv.attributes
                0x00000224       0x44 ./libelibc.a(uart.o)
 .riscv.attributes
                0x00000268       0x44 ./libelibc.a(fat32.o)
 .riscv.attributes
                0x000002ac       0x44 ./libelibc.a(sd.o)
 .riscv.attributes
                0x000002f0       0x44 ./libelibc.a(spi.o)
 .riscv.attributes
                0x00000334       0x44 /opt/riscv/lib/gcc/riscv32-unknown-elf/12.2.0/libgcc.a(_divdi3.o)
 .riscv.attributes
                0x00000378       0x44 /opt/riscv/lib/gcc/riscv32-unknown-elf/12.2.0/libgcc.a(_udivdi3.o)
 .riscv.attributes
                0x000003bc       0x44 /opt/riscv/lib/gcc/riscv32-unknown-elf/12.2.0/libgcc.a(adddf3.o)
 .riscv.attributes
                0x00000400       0x44 /opt/riscv/lib/gcc/riscv32-unknown-elf/12.2.0/libgcc.a(divdf3.o)
 .riscv.attributes
                0x00000444       0x44 /opt/riscv/lib/gcc/riscv32-unknown-elf/12.2.0/libgcc.a(gedf2.o)
 .riscv.attributes
                0x00000488       0x44 /opt/riscv/lib/gcc/riscv32-unknown-elf/12.2.0/libgcc.a(ledf2.o)
 .riscv.attributes
                0x000004cc       0x44 /opt/riscv/lib/gcc/riscv32-unknown-elf/12.2.0/libgcc.a(muldf3.o)
 .riscv.attributes
                0x00000510       0x44 /opt/riscv/lib/gcc/riscv32-unknown-elf/12.2.0/libgcc.a(subdf3.o)
 .riscv.attributes
                0x00000554       0x44 /opt/riscv/lib/gcc/riscv32-unknown-elf/12.2.0/libgcc.a(fixdfsi.o)
 .riscv.attributes
                0x00000598       0x44 /opt/riscv/lib/gcc/riscv32-unknown-elf/12.2.0/libgcc.a(floatsidf.o)
 .riscv.attributes
                0x000005dc       0x44 /opt/riscv/lib/gcc/riscv32-unknown-elf/12.2.0/libgcc.a(fixunsdfdi.o)
 .riscv.attributes
                0x00000620       0x44 /opt/riscv/lib/gcc/riscv32-unknown-elf/12.2.0/libgcc.a(addsf3.o)
 .riscv.attributes
                0x00000664       0x44 /opt/riscv/lib/gcc/riscv32-unknown-elf/12.2.0/libgcc.a(divsf3.o)
 .riscv.attributes
                0x000006a8       0x44 /opt/riscv/lib/gcc/riscv32-unknown-elf/12.2.0/libgcc.a(gesf2.o)
 .riscv.attributes
                0x000006ec       0x44 /opt/riscv/lib/gcc/riscv32-unknown-elf/12.2.0/libgcc.a(lesf2.o)
 .riscv.attributes
                0x00000730       0x44 /opt/riscv/lib/gcc/riscv32-unknown-elf/12.2.0/libgcc.a(mulsf3.o)
 .riscv.attributes
                0x00000774       0x44 /opt/riscv/lib/gcc/riscv32-unknown-elf/12.2.0/libgcc.a(subsf3.o)
 .riscv.attributes
                0x000007b8       0x44 /opt/riscv/lib/gcc/riscv32-unknown-elf/12.2.0/libgcc.a(fixunssfsi.o)
 .riscv.attributes
                0x000007fc       0x44 /opt/riscv/lib/gcc/riscv32-unknown-elf/12.2.0/libgcc.a(floatsisf.o)
 .riscv.attributes
                0x00000840       0x44 /opt/riscv/lib/gcc/riscv32-unknown-elf/12.2.0/libgcc.a(floatunsisf.o)
 .riscv.attributes
                0x00000884       0x44 /opt/riscv/lib/gcc/riscv32-unknown-elf/12.2.0/libgcc.a(extendsfdf2.o)
 .riscv.attributes
                0x000008c8       0x44 /opt/riscv/lib/gcc/riscv32-unknown-elf/12.2.0/libgcc.a(_ashldi3.o)
 .riscv.attributes
                0x0000090c       0x44 /opt/riscv/lib/gcc/riscv32-unknown-elf/12.2.0/libgcc.a(_clz.o)
 .riscv.attributes
                0x00000950       0x44 /opt/riscv/lib/gcc/riscv32-unknown-elf/12.2.0/libgcc.a(_clzsi2.o)

.debug_info     0x00000000     0x4cb0
 .debug_info    0x00000000      0x793 /opt/riscv/lib/gcc/riscv32-unknown-elf/12.2.0/libgcc.a(_divdi3.o)
 .debug_info    0x00000793      0x761 /opt/riscv/lib/gcc/riscv32-unknown-elf/12.2.0/libgcc.a(_udivdi3.o)
 .debug_info    0x00000ef4      0x4fe /opt/riscv/lib/gcc/riscv32-unknown-elf/12.2.0/libgcc.a(adddf3.o)
 .debug_info    0x000013f2      0x683 /opt/riscv/lib/gcc/riscv32-unknown-elf/12.2.0/libgcc.a(divdf3.o)
 .debug_info    0x00001a75      0x224 /opt/riscv/lib/gcc/riscv32-unknown-elf/12.2.0/libgcc.a(gedf2.o)
 .debug_info    0x00001c99      0x224 /opt/riscv/lib/gcc/riscv32-unknown-elf/12.2.0/libgcc.a(ledf2.o)
 .debug_info    0x00001ebd      0x6b4 /opt/riscv/lib/gcc/riscv32-unknown-elf/12.2.0/libgcc.a(muldf3.o)
 .debug_info    0x00002571      0x4f5 /opt/riscv/lib/gcc/riscv32-unknown-elf/12.2.0/libgcc.a(subdf3.o)
 .debug_info    0x00002a66      0x1ca /opt/riscv/lib/gcc/riscv32-unknown-elf/12.2.0/libgcc.a(fixdfsi.o)
 .debug_info    0x00002c30      0x268 /opt/riscv/lib/gcc/riscv32-unknown-elf/12.2.0/libgcc.a(floatsidf.o)
 .debug_info    0x00002e98      0x1c9 /opt/riscv/lib/gcc/riscv32-unknown-elf/12.2.0/libgcc.a(fixunsdfdi.o)
 .debug_info    0x00003061      0x2f0 /opt/riscv/lib/gcc/riscv32-unknown-elf/12.2.0/libgcc.a(addsf3.o)
 .debug_info    0x00003351      0x360 /opt/riscv/lib/gcc/riscv32-unknown-elf/12.2.0/libgcc.a(divsf3.o)
 .debug_info    0x000036b1      0x1fc /opt/riscv/lib/gcc/riscv32-unknown-elf/12.2.0/libgcc.a(gesf2.o)
 .debug_info    0x000038ad      0x1fc /opt/riscv/lib/gcc/riscv32-unknown-elf/12.2.0/libgcc.a(lesf2.o)
 .debug_info    0x00003aa9      0x354 /opt/riscv/lib/gcc/riscv32-unknown-elf/12.2.0/libgcc.a(mulsf3.o)
 .debug_info    0x00003dfd      0x2ec /opt/riscv/lib/gcc/riscv32-unknown-elf/12.2.0/libgcc.a(subsf3.o)
 .debug_info    0x000040e9      0x19b /opt/riscv/lib/gcc/riscv32-unknown-elf/12.2.0/libgcc.a(fixunssfsi.o)
 .debug_info    0x00004284      0x213 /opt/riscv/lib/gcc/riscv32-unknown-elf/12.2.0/libgcc.a(floatsisf.o)
 .debug_info    0x00004497      0x20a /opt/riscv/lib/gcc/riscv32-unknown-elf/12.2.0/libgcc.a(floatunsisf.o)
 .debug_info    0x000046a1      0x254 /opt/riscv/lib/gcc/riscv32-unknown-elf/12.2.0/libgcc.a(extendsfdf2.o)
 .debug_info    0x000048f5      0x1a1 /opt/riscv/lib/gcc/riscv32-unknown-elf/12.2.0/libgcc.a(_ashldi3.o)
 .debug_info    0x00004a96       0xd8 /opt/riscv/lib/gcc/riscv32-unknown-elf/12.2.0/libgcc.a(_clz.o)
 .debug_info    0x00004b6e      0x142 /opt/riscv/lib/gcc/riscv32-unknown-elf/12.2.0/libgcc.a(_clzsi2.o)

.debug_abbrev   0x00000000     0x2038
 .debug_abbrev  0x00000000      0x1bf /opt/riscv/lib/gcc/riscv32-unknown-elf/12.2.0/libgcc.a(_divdi3.o)
 .debug_abbrev  0x000001bf      0x1a6 /opt/riscv/lib/gcc/riscv32-unknown-elf/12.2.0/libgcc.a(_udivdi3.o)
 .debug_abbrev  0x00000365      0x17f /opt/riscv/lib/gcc/riscv32-unknown-elf/12.2.0/libgcc.a(adddf3.o)
 .debug_abbrev  0x000004e4      0x17c /opt/riscv/lib/gcc/riscv32-unknown-elf/12.2.0/libgcc.a(divdf3.o)
 .debug_abbrev  0x00000660      0x153 /opt/riscv/lib/gcc/riscv32-unknown-elf/12.2.0/libgcc.a(gedf2.o)
 .debug_abbrev  0x000007b3      0x153 /opt/riscv/lib/gcc/riscv32-unknown-elf/12.2.0/libgcc.a(ledf2.o)
 .debug_abbrev  0x00000906      0x185 /opt/riscv/lib/gcc/riscv32-unknown-elf/12.2.0/libgcc.a(muldf3.o)
 .debug_abbrev  0x00000a8b      0x176 /opt/riscv/lib/gcc/riscv32-unknown-elf/12.2.0/libgcc.a(subdf3.o)
 .debug_abbrev  0x00000c01      0x15d /opt/riscv/lib/gcc/riscv32-unknown-elf/12.2.0/libgcc.a(fixdfsi.o)
 .debug_abbrev  0x00000d5e      0x164 /opt/riscv/lib/gcc/riscv32-unknown-elf/12.2.0/libgcc.a(floatsidf.o)
 .debug_abbrev  0x00000ec2      0x15f /opt/riscv/lib/gcc/riscv32-unknown-elf/12.2.0/libgcc.a(fixunsdfdi.o)
 .debug_abbrev  0x00001021      0x16d /opt/riscv/lib/gcc/riscv32-unknown-elf/12.2.0/libgcc.a(addsf3.o)
 .debug_abbrev  0x0000118e      0x14c /opt/riscv/lib/gcc/riscv32-unknown-elf/12.2.0/libgcc.a(divsf3.o)
 .debug_abbrev  0x000012da      0x15f /opt/riscv/lib/gcc/riscv32-unknown-elf/12.2.0/libgcc.a(gesf2.o)
 .debug_abbrev  0x00001439      0x15f /opt/riscv/lib/gcc/riscv32-unknown-elf/12.2.0/libgcc.a(lesf2.o)
 .debug_abbrev  0x00001598      0x15b /opt/riscv/lib/gcc/riscv32-unknown-elf/12.2.0/libgcc.a(mulsf3.o)
 .debug_abbrev  0x000016f3      0x164 /opt/riscv/lib/gcc/riscv32-unknown-elf/12.2.0/libgcc.a(subsf3.o)
 .debug_abbrev  0x00001857      0x14d /opt/riscv/lib/gcc/riscv32-unknown-elf/12.2.0/libgcc.a(fixunssfsi.o)
 .debug_abbrev  0x000019a4      0x16d /opt/riscv/lib/gcc/riscv32-unknown-elf/12.2.0/libgcc.a(floatsisf.o)
 .debug_abbrev  0x00001b11      0x186 /opt/riscv/lib/gcc/riscv32-unknown-elf/12.2.0/libgcc.a(floatunsisf.o)
 .debug_abbrev  0x00001c97      0x15b /opt/riscv/lib/gcc/riscv32-unknown-elf/12.2.0/libgcc.a(extendsfdf2.o)
 .debug_abbrev  0x00001df2      0x10c /opt/riscv/lib/gcc/riscv32-unknown-elf/12.2.0/libgcc.a(_ashldi3.o)
 .debug_abbrev  0x00001efe       0x70 /opt/riscv/lib/gcc/riscv32-unknown-elf/12.2.0/libgcc.a(_clz.o)
 .debug_abbrev  0x00001f6e       0xca /opt/riscv/lib/gcc/riscv32-unknown-elf/12.2.0/libgcc.a(_clzsi2.o)

.debug_loclists
                0x00000000     0x859b
 .debug_loclists
                0x00000000      0x852 /opt/riscv/lib/gcc/riscv32-unknown-elf/12.2.0/libgcc.a(_divdi3.o)
 .debug_loclists
                0x00000852      0xa4c /opt/riscv/lib/gcc/riscv32-unknown-elf/12.2.0/libgcc.a(_udivdi3.o)
 .debug_loclists
                0x0000129e     0x10f5 /opt/riscv/lib/gcc/riscv32-unknown-elf/12.2.0/libgcc.a(adddf3.o)
 .debug_loclists
                0x00002393      0xf0a /opt/riscv/lib/gcc/riscv32-unknown-elf/12.2.0/libgcc.a(divdf3.o)
 .debug_loclists
                0x0000329d      0x2f9 /opt/riscv/lib/gcc/riscv32-unknown-elf/12.2.0/libgcc.a(gedf2.o)
 .debug_loclists
                0x00003596      0x2f9 /opt/riscv/lib/gcc/riscv32-unknown-elf/12.2.0/libgcc.a(ledf2.o)
 .debug_loclists
                0x0000388f      0xc0f /opt/riscv/lib/gcc/riscv32-unknown-elf/12.2.0/libgcc.a(muldf3.o)
 .debug_loclists
                0x0000449e     0x1248 /opt/riscv/lib/gcc/riscv32-unknown-elf/12.2.0/libgcc.a(subdf3.o)
 .debug_loclists
                0x000056e6      0x167 /opt/riscv/lib/gcc/riscv32-unknown-elf/12.2.0/libgcc.a(fixdfsi.o)
 .debug_loclists
                0x0000584d      0x134 /opt/riscv/lib/gcc/riscv32-unknown-elf/12.2.0/libgcc.a(floatsidf.o)
 .debug_loclists
                0x00005981      0x17f /opt/riscv/lib/gcc/riscv32-unknown-elf/12.2.0/libgcc.a(fixunsdfdi.o)
 .debug_loclists
                0x00005b00      0xbdb /opt/riscv/lib/gcc/riscv32-unknown-elf/12.2.0/libgcc.a(addsf3.o)
 .debug_loclists
                0x000066db      0x5e0 /opt/riscv/lib/gcc/riscv32-unknown-elf/12.2.0/libgcc.a(divsf3.o)
 .debug_loclists
                0x00006cbb       0xe1 /opt/riscv/lib/gcc/riscv32-unknown-elf/12.2.0/libgcc.a(gesf2.o)
 .debug_loclists
                0x00006d9c       0xe1 /opt/riscv/lib/gcc/riscv32-unknown-elf/12.2.0/libgcc.a(lesf2.o)
 .debug_loclists
                0x00006e7d      0x4f0 /opt/riscv/lib/gcc/riscv32-unknown-elf/12.2.0/libgcc.a(mulsf3.o)
 .debug_loclists
                0x0000736d      0xafe /opt/riscv/lib/gcc/riscv32-unknown-elf/12.2.0/libgcc.a(subsf3.o)
 .debug_loclists
                0x00007e6b       0xca /opt/riscv/lib/gcc/riscv32-unknown-elf/12.2.0/libgcc.a(fixunssfsi.o)
 .debug_loclists
                0x00007f35      0x1e8 /opt/riscv/lib/gcc/riscv32-unknown-elf/12.2.0/libgcc.a(floatsisf.o)
 .debug_loclists
                0x0000811d      0x1a6 /opt/riscv/lib/gcc/riscv32-unknown-elf/12.2.0/libgcc.a(floatunsisf.o)
 .debug_loclists
                0x000082c3      0x1cf /opt/riscv/lib/gcc/riscv32-unknown-elf/12.2.0/libgcc.a(extendsfdf2.o)
 .debug_loclists
                0x00008492       0xa7 /opt/riscv/lib/gcc/riscv32-unknown-elf/12.2.0/libgcc.a(_ashldi3.o)
 .debug_loclists
                0x00008539       0x62 /opt/riscv/lib/gcc/riscv32-unknown-elf/12.2.0/libgcc.a(_clzsi2.o)

.debug_aranges  0x00000000      0x2f8
 .debug_aranges
                0x00000000       0x20 /opt/riscv/lib/gcc/riscv32-unknown-elf/12.2.0/libgcc.a(_divdi3.o)
 .debug_aranges
                0x00000020       0x20 /opt/riscv/lib/gcc/riscv32-unknown-elf/12.2.0/libgcc.a(_udivdi3.o)
 .debug_aranges
                0x00000040       0x20 /opt/riscv/lib/gcc/riscv32-unknown-elf/12.2.0/libgcc.a(adddf3.o)
 .debug_aranges
                0x00000060       0x20 /opt/riscv/lib/gcc/riscv32-unknown-elf/12.2.0/libgcc.a(divdf3.o)
 .debug_aranges
                0x00000080       0x20 /opt/riscv/lib/gcc/riscv32-unknown-elf/12.2.0/libgcc.a(gedf2.o)
 .debug_aranges
                0x000000a0       0x20 /opt/riscv/lib/gcc/riscv32-unknown-elf/12.2.0/libgcc.a(ledf2.o)
 .debug_aranges
                0x000000c0       0x20 /opt/riscv/lib/gcc/riscv32-unknown-elf/12.2.0/libgcc.a(muldf3.o)
 .debug_aranges
                0x000000e0       0x20 /opt/riscv/lib/gcc/riscv32-unknown-elf/12.2.0/libgcc.a(subdf3.o)
 .debug_aranges
                0x00000100       0x20 /opt/riscv/lib/gcc/riscv32-unknown-elf/12.2.0/libgcc.a(fixdfsi.o)
 .debug_aranges
                0x00000120       0x20 /opt/riscv/lib/gcc/riscv32-unknown-elf/12.2.0/libgcc.a(floatsidf.o)
 .debug_aranges
                0x00000140       0x20 /opt/riscv/lib/gcc/riscv32-unknown-elf/12.2.0/libgcc.a(fixunsdfdi.o)
 .debug_aranges
                0x00000160       0x20 /opt/riscv/lib/gcc/riscv32-unknown-elf/12.2.0/libgcc.a(addsf3.o)
 .debug_aranges
                0x00000180       0x20 /opt/riscv/lib/gcc/riscv32-unknown-elf/12.2.0/libgcc.a(divsf3.o)
 .debug_aranges
                0x000001a0       0x20 /opt/riscv/lib/gcc/riscv32-unknown-elf/12.2.0/libgcc.a(gesf2.o)
 .debug_aranges
                0x000001c0       0x20 /opt/riscv/lib/gcc/riscv32-unknown-elf/12.2.0/libgcc.a(lesf2.o)
 .debug_aranges
                0x000001e0       0x20 /opt/riscv/lib/gcc/riscv32-unknown-elf/12.2.0/libgcc.a(mulsf3.o)
 .debug_aranges
                0x00000200       0x20 /opt/riscv/lib/gcc/riscv32-unknown-elf/12.2.0/libgcc.a(subsf3.o)
 .debug_aranges
                0x00000220       0x20 /opt/riscv/lib/gcc/riscv32-unknown-elf/12.2.0/libgcc.a(fixunssfsi.o)
 .debug_aranges
                0x00000240       0x20 /opt/riscv/lib/gcc/riscv32-unknown-elf/12.2.0/libgcc.a(floatsisf.o)
 .debug_aranges
                0x00000260       0x20 /opt/riscv/lib/gcc/riscv32-unknown-elf/12.2.0/libgcc.a(floatunsisf.o)
 .debug_aranges
                0x00000280       0x20 /opt/riscv/lib/gcc/riscv32-unknown-elf/12.2.0/libgcc.a(extendsfdf2.o)
 .debug_aranges
                0x000002a0       0x20 /opt/riscv/lib/gcc/riscv32-unknown-elf/12.2.0/libgcc.a(_ashldi3.o)
 .debug_aranges
                0x000002c0       0x18 /opt/riscv/lib/gcc/riscv32-unknown-elf/12.2.0/libgcc.a(_clz.o)
 .debug_aranges
                0x000002d8       0x20 /opt/riscv/lib/gcc/riscv32-unknown-elf/12.2.0/libgcc.a(_clzsi2.o)

.debug_rnglists
                0x00000000     0x12b7
 .debug_rnglists
                0x00000000       0xff /opt/riscv/lib/gcc/riscv32-unknown-elf/12.2.0/libgcc.a(_divdi3.o)
 .debug_rnglists
                0x000000ff      0x111 /opt/riscv/lib/gcc/riscv32-unknown-elf/12.2.0/libgcc.a(_udivdi3.o)
 .debug_rnglists
                0x00000210      0x20f /opt/riscv/lib/gcc/riscv32-unknown-elf/12.2.0/libgcc.a(adddf3.o)
 .debug_rnglists
                0x0000041f      0x177 /opt/riscv/lib/gcc/riscv32-unknown-elf/12.2.0/libgcc.a(divdf3.o)
 .debug_rnglists
                0x00000596       0x7b /opt/riscv/lib/gcc/riscv32-unknown-elf/12.2.0/libgcc.a(gedf2.o)
 .debug_rnglists
                0x00000611       0x7b /opt/riscv/lib/gcc/riscv32-unknown-elf/12.2.0/libgcc.a(ledf2.o)
 .debug_rnglists
                0x0000068c      0x1e6 /opt/riscv/lib/gcc/riscv32-unknown-elf/12.2.0/libgcc.a(muldf3.o)
 .debug_rnglists
                0x00000872      0x275 /opt/riscv/lib/gcc/riscv32-unknown-elf/12.2.0/libgcc.a(subdf3.o)
 .debug_rnglists
                0x00000ae7       0x1f /opt/riscv/lib/gcc/riscv32-unknown-elf/12.2.0/libgcc.a(fixdfsi.o)
 .debug_rnglists
                0x00000b06       0x61 /opt/riscv/lib/gcc/riscv32-unknown-elf/12.2.0/libgcc.a(floatsidf.o)
 .debug_rnglists
                0x00000b67       0x44 /opt/riscv/lib/gcc/riscv32-unknown-elf/12.2.0/libgcc.a(fixunsdfdi.o)
 .debug_rnglists
                0x00000bab      0x1b0 /opt/riscv/lib/gcc/riscv32-unknown-elf/12.2.0/libgcc.a(addsf3.o)
 .debug_rnglists
                0x00000d5b       0xd0 /opt/riscv/lib/gcc/riscv32-unknown-elf/12.2.0/libgcc.a(divsf3.o)
 .debug_rnglists
                0x00000e2b       0x4d /opt/riscv/lib/gcc/riscv32-unknown-elf/12.2.0/libgcc.a(gesf2.o)
 .debug_rnglists
                0x00000e78       0x4d /opt/riscv/lib/gcc/riscv32-unknown-elf/12.2.0/libgcc.a(lesf2.o)
 .debug_rnglists
                0x00000ec5       0xbd /opt/riscv/lib/gcc/riscv32-unknown-elf/12.2.0/libgcc.a(mulsf3.o)
 .debug_rnglists
                0x00000f82      0x1cc /opt/riscv/lib/gcc/riscv32-unknown-elf/12.2.0/libgcc.a(subsf3.o)
 .debug_rnglists
                0x0000114e       0x1f /opt/riscv/lib/gcc/riscv32-unknown-elf/12.2.0/libgcc.a(fixunssfsi.o)
 .debug_rnglists
                0x0000116d       0x86 /opt/riscv/lib/gcc/riscv32-unknown-elf/12.2.0/libgcc.a(floatsisf.o)
 .debug_rnglists
                0x000011f3       0x61 /opt/riscv/lib/gcc/riscv32-unknown-elf/12.2.0/libgcc.a(floatunsisf.o)
 .debug_rnglists
                0x00001254       0x3b /opt/riscv/lib/gcc/riscv32-unknown-elf/12.2.0/libgcc.a(extendsfdf2.o)
 .debug_rnglists
                0x0000128f       0x28 /opt/riscv/lib/gcc/riscv32-unknown-elf/12.2.0/libgcc.a(_clzsi2.o)

.debug_line     0x00000000     0x930d
 .debug_line    0x00000000      0x7bc /opt/riscv/lib/gcc/riscv32-unknown-elf/12.2.0/libgcc.a(_divdi3.o)
 .debug_line    0x000007bc      0x713 /opt/riscv/lib/gcc/riscv32-unknown-elf/12.2.0/libgcc.a(_udivdi3.o)
 .debug_line    0x00000ecf     0x1037 /opt/riscv/lib/gcc/riscv32-unknown-elf/12.2.0/libgcc.a(adddf3.o)
 .debug_line    0x00001f06      0xf87 /opt/riscv/lib/gcc/riscv32-unknown-elf/12.2.0/libgcc.a(divdf3.o)
 .debug_line    0x00002e8d      0x345 /opt/riscv/lib/gcc/riscv32-unknown-elf/12.2.0/libgcc.a(gedf2.o)
 .debug_line    0x000031d2      0x345 /opt/riscv/lib/gcc/riscv32-unknown-elf/12.2.0/libgcc.a(ledf2.o)
 .debug_line    0x00003517      0xe0b /opt/riscv/lib/gcc/riscv32-unknown-elf/12.2.0/libgcc.a(muldf3.o)
 .debug_line    0x00004322     0x118b /opt/riscv/lib/gcc/riscv32-unknown-elf/12.2.0/libgcc.a(subdf3.o)
 .debug_line    0x000054ad      0x1db /opt/riscv/lib/gcc/riscv32-unknown-elf/12.2.0/libgcc.a(fixdfsi.o)
 .debug_line    0x00005688      0x223 /opt/riscv/lib/gcc/riscv32-unknown-elf/12.2.0/libgcc.a(floatsidf.o)
 .debug_line    0x000058ab      0x1fd /opt/riscv/lib/gcc/riscv32-unknown-elf/12.2.0/libgcc.a(fixunsdfdi.o)
 .debug_line    0x00005aa8      0xa1c /opt/riscv/lib/gcc/riscv32-unknown-elf/12.2.0/libgcc.a(addsf3.o)
 .debug_line    0x000064c4      0x818 /opt/riscv/lib/gcc/riscv32-unknown-elf/12.2.0/libgcc.a(divsf3.o)
 .debug_line    0x00006cdc      0x2f6 /opt/riscv/lib/gcc/riscv32-unknown-elf/12.2.0/libgcc.a(gesf2.o)
 .debug_line    0x00006fd2      0x2f6 /opt/riscv/lib/gcc/riscv32-unknown-elf/12.2.0/libgcc.a(lesf2.o)
 .debug_line    0x000072c8      0x77b /opt/riscv/lib/gcc/riscv32-unknown-elf/12.2.0/libgcc.a(mulsf3.o)
 .debug_line    0x00007a43      0xb55 /opt/riscv/lib/gcc/riscv32-unknown-elf/12.2.0/libgcc.a(subsf3.o)
 .debug_line    0x00008598      0x15f /opt/riscv/lib/gcc/riscv32-unknown-elf/12.2.0/libgcc.a(fixunssfsi.o)
 .debug_line    0x000086f7      0x361 /opt/riscv/lib/gcc/riscv32-unknown-elf/12.2.0/libgcc.a(floatsisf.o)
 .debug_line    0x00008a58      0x32b /opt/riscv/lib/gcc/riscv32-unknown-elf/12.2.0/libgcc.a(floatunsisf.o)
 .debug_line    0x00008d83      0x379 /opt/riscv/lib/gcc/riscv32-unknown-elf/12.2.0/libgcc.a(extendsfdf2.o)
 .debug_line    0x000090fc      0x107 /opt/riscv/lib/gcc/riscv32-unknown-elf/12.2.0/libgcc.a(_ashldi3.o)
 .debug_line    0x00009203       0x3f /opt/riscv/lib/gcc/riscv32-unknown-elf/12.2.0/libgcc.a(_clz.o)
 .debug_line    0x00009242       0xcb /opt/riscv/lib/gcc/riscv32-unknown-elf/12.2.0/libgcc.a(_clzsi2.o)

.debug_str      0x00000000      0x954
 .debug_str     0x00000000      0x1fc /opt/riscv/lib/gcc/riscv32-unknown-elf/12.2.0/libgcc.a(_divdi3.o)
                                0x25c (size before relaxing)
 .debug_str     0x000001fc        0xa /opt/riscv/lib/gcc/riscv32-unknown-elf/12.2.0/libgcc.a(_udivdi3.o)
                                0x25d (size before relaxing)
 .debug_str     0x00000206      0x236 /opt/riscv/lib/gcc/riscv32-unknown-elf/12.2.0/libgcc.a(adddf3.o)
                                0x2b7 (size before relaxing)
 .debug_str     0x0000043c      0x16b /opt/riscv/lib/gcc/riscv32-unknown-elf/12.2.0/libgcc.a(divdf3.o)
                                0x379 (size before relaxing)
 .debug_str     0x000005a7       0x4b /opt/riscv/lib/gcc/riscv32-unknown-elf/12.2.0/libgcc.a(gedf2.o)
                                0x1ed (size before relaxing)
 .debug_str     0x000005f2        0x8 /opt/riscv/lib/gcc/riscv32-unknown-elf/12.2.0/libgcc.a(ledf2.o)
                                0x1ed (size before relaxing)
 .debug_str     0x000005fa      0x12e /opt/riscv/lib/gcc/riscv32-unknown-elf/12.2.0/libgcc.a(muldf3.o)
                                0x3d1 (size before relaxing)
 .debug_str     0x00000728        0x9 /opt/riscv/lib/gcc/riscv32-unknown-elf/12.2.0/libgcc.a(subdf3.o)
                                0x2b7 (size before relaxing)
 .debug_str     0x00000731       0x1d /opt/riscv/lib/gcc/riscv32-unknown-elf/12.2.0/libgcc.a(fixdfsi.o)
                                0x1c4 (size before relaxing)
 .debug_str     0x0000074e       0x39 /opt/riscv/lib/gcc/riscv32-unknown-elf/12.2.0/libgcc.a(floatsidf.o)
                                0x261 (size before relaxing)
 .debug_str     0x00000787       0x17 /opt/riscv/lib/gcc/riscv32-unknown-elf/12.2.0/libgcc.a(fixunsdfdi.o)
                                0x1ca (size before relaxing)
 .debug_str     0x0000079e       0x5e /opt/riscv/lib/gcc/riscv32-unknown-elf/12.2.0/libgcc.a(addsf3.o)
                                0x27a (size before relaxing)
 .debug_str     0x000007fc       0xa9 /opt/riscv/lib/gcc/riscv32-unknown-elf/12.2.0/libgcc.a(divsf3.o)
                                0x2e4 (size before relaxing)
 .debug_str     0x000008a5        0x8 /opt/riscv/lib/gcc/riscv32-unknown-elf/12.2.0/libgcc.a(gesf2.o)
                                0x1d1 (size before relaxing)
 .debug_str     0x000008ad        0x8 /opt/riscv/lib/gcc/riscv32-unknown-elf/12.2.0/libgcc.a(lesf2.o)
                                0x1d1 (size before relaxing)
 .debug_str     0x000008b5       0x3b /opt/riscv/lib/gcc/riscv32-unknown-elf/12.2.0/libgcc.a(mulsf3.o)
                                0x29f (size before relaxing)
 .debug_str     0x000008f0        0x9 /opt/riscv/lib/gcc/riscv32-unknown-elf/12.2.0/libgcc.a(subsf3.o)
                                0x27a (size before relaxing)
 .debug_str     0x000008f9        0xd /opt/riscv/lib/gcc/riscv32-unknown-elf/12.2.0/libgcc.a(fixunssfsi.o)
                                0x1ae (size before relaxing)
 .debug_str     0x00000906        0xc /opt/riscv/lib/gcc/riscv32-unknown-elf/12.2.0/libgcc.a(floatsisf.o)
                                0x242 (size before relaxing)
 .debug_str     0x00000912        0xe /opt/riscv/lib/gcc/riscv32-unknown-elf/12.2.0/libgcc.a(floatunsisf.o)
                                0x23d (size before relaxing)
 .debug_str     0x00000920       0x1b /opt/riscv/lib/gcc/riscv32-unknown-elf/12.2.0/libgcc.a(extendsfdf2.o)
                                0x1ed (size before relaxing)
 .debug_str     0x0000093b       0x19 /opt/riscv/lib/gcc/riscv32-unknown-elf/12.2.0/libgcc.a(_ashldi3.o)
                                0x1e7 (size before relaxing)
 .debug_str     0x00000954      0x1aa /opt/riscv/lib/gcc/riscv32-unknown-elf/12.2.0/libgcc.a(_clz.o)
 .debug_str     0x00000954      0x1c7 /opt/riscv/lib/gcc/riscv32-unknown-elf/12.2.0/libgcc.a(_clzsi2.o)

.debug_line_str
                0x00000000      0x3d9
 .debug_line_str
                0x00000000       0x95 /opt/riscv/lib/gcc/riscv32-unknown-elf/12.2.0/libgcc.a(_divdi3.o)
                                 0xfe (size before relaxing)
 .debug_line_str
                0x00000095       0xfe /opt/riscv/lib/gcc/riscv32-unknown-elf/12.2.0/libgcc.a(_udivdi3.o)
 .debug_line_str
                0x00000095       0x4e /opt/riscv/lib/gcc/riscv32-unknown-elf/12.2.0/libgcc.a(adddf3.o)
                                0x10a (size before relaxing)
 .debug_line_str
                0x000000e3       0x31 /opt/riscv/lib/gcc/riscv32-unknown-elf/12.2.0/libgcc.a(divdf3.o)
                                0x114 (size before relaxing)
 .debug_line_str
                0x00000114       0x36 /opt/riscv/lib/gcc/riscv32-unknown-elf/12.2.0/libgcc.a(gedf2.o)
                                0x117 (size before relaxing)
 .debug_line_str
                0x0000014a       0x26 /opt/riscv/lib/gcc/riscv32-unknown-elf/12.2.0/libgcc.a(ledf2.o)
                                0x117 (size before relaxing)
 .debug_line_str
                0x00000170       0x27 /opt/riscv/lib/gcc/riscv32-unknown-elf/12.2.0/libgcc.a(muldf3.o)
                                0x114 (size before relaxing)
 .debug_line_str
                0x00000197       0x27 /opt/riscv/lib/gcc/riscv32-unknown-elf/12.2.0/libgcc.a(subdf3.o)
                                0x10a (size before relaxing)
 .debug_line_str
                0x000001be       0x28 /opt/riscv/lib/gcc/riscv32-unknown-elf/12.2.0/libgcc.a(fixdfsi.o)
                                0x117 (size before relaxing)
 .debug_line_str
                0x000001e6       0x2a /opt/riscv/lib/gcc/riscv32-unknown-elf/12.2.0/libgcc.a(floatsidf.o)
                                0x11d (size before relaxing)
 .debug_line_str
                0x00000210       0x2b /opt/riscv/lib/gcc/riscv32-unknown-elf/12.2.0/libgcc.a(fixunsdfdi.o)
                                0x120 (size before relaxing)
 .debug_line_str
                0x0000023b       0x30 /opt/riscv/lib/gcc/riscv32-unknown-elf/12.2.0/libgcc.a(addsf3.o)
                                0x10a (size before relaxing)
 .debug_line_str
                0x0000026b       0x27 /opt/riscv/lib/gcc/riscv32-unknown-elf/12.2.0/libgcc.a(divsf3.o)
                                0x10a (size before relaxing)
 .debug_line_str
                0x00000292       0x26 /opt/riscv/lib/gcc/riscv32-unknown-elf/12.2.0/libgcc.a(gesf2.o)
                                0x117 (size before relaxing)
 .debug_line_str
                0x000002b8       0x26 /opt/riscv/lib/gcc/riscv32-unknown-elf/12.2.0/libgcc.a(lesf2.o)
                                0x117 (size before relaxing)
 .debug_line_str
                0x000002de       0x27 /opt/riscv/lib/gcc/riscv32-unknown-elf/12.2.0/libgcc.a(mulsf3.o)
                                0x114 (size before relaxing)
 .debug_line_str
                0x00000305       0x27 /opt/riscv/lib/gcc/riscv32-unknown-elf/12.2.0/libgcc.a(subsf3.o)
                                0x10a (size before relaxing)
 .debug_line_str
                0x0000032c       0x2b /opt/riscv/lib/gcc/riscv32-unknown-elf/12.2.0/libgcc.a(fixunssfsi.o)
                                0x120 (size before relaxing)
 .debug_line_str
                0x00000357       0x2a /opt/riscv/lib/gcc/riscv32-unknown-elf/12.2.0/libgcc.a(floatsisf.o)
                                0x11d (size before relaxing)
 .debug_line_str
                0x00000381       0x2c /opt/riscv/lib/gcc/riscv32-unknown-elf/12.2.0/libgcc.a(floatunsisf.o)
                                0x123 (size before relaxing)
 .debug_line_str
                0x000003ad       0x2c /opt/riscv/lib/gcc/riscv32-unknown-elf/12.2.0/libgcc.a(extendsfdf2.o)
                                0x122 (size before relaxing)
 .debug_line_str
                0x000003d9       0xfe /opt/riscv/lib/gcc/riscv32-unknown-elf/12.2.0/libgcc.a(_ashldi3.o)
 .debug_line_str
                0x000003d9       0xfe /opt/riscv/lib/gcc/riscv32-unknown-elf/12.2.0/libgcc.a(_clz.o)
 .debug_line_str
                0x000003d9       0xfe /opt/riscv/lib/gcc/riscv32-unknown-elf/12.2.0/libgcc.a(_clzsi2.o)

.debug_frame    0x00000000      0x448
 .debug_frame   0x00000000       0x44 /opt/riscv/lib/gcc/riscv32-unknown-elf/12.2.0/libgcc.a(adddf3.o)
 .debug_frame   0x00000044       0x54 /opt/riscv/lib/gcc/riscv32-unknown-elf/12.2.0/libgcc.a(divdf3.o)
 .debug_frame   0x00000098       0x20 /opt/riscv/lib/gcc/riscv32-unknown-elf/12.2.0/libgcc.a(gedf2.o)
 .debug_frame   0x000000b8       0x20 /opt/riscv/lib/gcc/riscv32-unknown-elf/12.2.0/libgcc.a(ledf2.o)
 .debug_frame   0x000000d8       0x54 /opt/riscv/lib/gcc/riscv32-unknown-elf/12.2.0/libgcc.a(muldf3.o)
 .debug_frame   0x0000012c       0x44 /opt/riscv/lib/gcc/riscv32-unknown-elf/12.2.0/libgcc.a(subdf3.o)
 .debug_frame   0x00000170       0x20 /opt/riscv/lib/gcc/riscv32-unknown-elf/12.2.0/libgcc.a(fixdfsi.o)
 .debug_frame   0x00000190       0x38 /opt/riscv/lib/gcc/riscv32-unknown-elf/12.2.0/libgcc.a(floatsidf.o)
 .debug_frame   0x000001c8       0x2c /opt/riscv/lib/gcc/riscv32-unknown-elf/12.2.0/libgcc.a(fixunsdfdi.o)
 .debug_frame   0x000001f4       0x3c /opt/riscv/lib/gcc/riscv32-unknown-elf/12.2.0/libgcc.a(addsf3.o)
 .debug_frame   0x00000230       0x4c /opt/riscv/lib/gcc/riscv32-unknown-elf/12.2.0/libgcc.a(divsf3.o)
 .debug_frame   0x0000027c       0x20 /opt/riscv/lib/gcc/riscv32-unknown-elf/12.2.0/libgcc.a(gesf2.o)
 .debug_frame   0x0000029c       0x20 /opt/riscv/lib/gcc/riscv32-unknown-elf/12.2.0/libgcc.a(lesf2.o)
 .debug_frame   0x000002bc       0x4c /opt/riscv/lib/gcc/riscv32-unknown-elf/12.2.0/libgcc.a(mulsf3.o)
 .debug_frame   0x00000308       0x3c /opt/riscv/lib/gcc/riscv32-unknown-elf/12.2.0/libgcc.a(subsf3.o)
 .debug_frame   0x00000344       0x20 /opt/riscv/lib/gcc/riscv32-unknown-elf/12.2.0/libgcc.a(fixunssfsi.o)
 .debug_frame   0x00000364       0x38 /opt/riscv/lib/gcc/riscv32-unknown-elf/12.2.0/libgcc.a(floatsisf.o)
 .debug_frame   0x0000039c       0x34 /opt/riscv/lib/gcc/riscv32-unknown-elf/12.2.0/libgcc.a(floatunsisf.o)
 .debug_frame   0x000003d0       0x38 /opt/riscv/lib/gcc/riscv32-unknown-elf/12.2.0/libgcc.a(extendsfdf2.o)
 .debug_frame   0x00000408       0x20 /opt/riscv/lib/gcc/riscv32-unknown-elf/12.2.0/libgcc.a(_ashldi3.o)
 .debug_frame   0x00000428       0x20 /opt/riscv/lib/gcc/riscv32-unknown-elf/12.2.0/libgcc.a(_clzsi2.o)
